// Jest Snapshot v1, https://goo.gl/fbAQLP

exports[`List Message Not logged in 1`] = `
<h5>
  No Messages
</h5>
`;
