// Jest Snapshot v1, https://goo.gl/fbAQLP

exports[`Home Not logged in 1`] = `
<Courses
  courses={undefined}
/>
`;
