// Jest Snapshot v1, https://goo.gl/fbAQLP

exports[`CoursesList renders ListGroup 1`] = `
<ul
  className="list-group"
>
  <li
    className="list-group-item"
    style={
      Object {
        "display": "flex",
        "flexDirection": "row",
        "justifyContent": "space-between",
      }
    }
  >
    <div
      style={
        Object {
          "display": "flex",
          "flexDirection": "row",
        }
      }
    >
      IT5555
    </div>
    <button
      className="btn btn-danger"
      disabled={false}
      onClick={[Function]}
      type="button"
    >
      Delete
    </button>
  </li>
  <li
    className="list-group-item"
    style={
      Object {
        "display": "flex",
        "flexDirection": "row",
        "justifyContent": "space-between",
      }
    }
  >
    <div
      style={
        Object {
          "display": "flex",
          "flexDirection": "row",
        }
      }
    >
      TDT0000
    </div>
    <button
      className="btn btn-danger"
      disabled={false}
      onClick={[Function]}
      type="button"
    >
      Delete
    </button>
  </li>
</ul>
`;
