// Jest Snapshot v1, https://goo.gl/fbAQLP

exports[`Sidebar No courses 1`] = `
<Uncontrolled(TabContainer)
  activeKey={undefined}
  defaultActiveKey="TES1000"
  id="left-tabs"
>
  <Row
    bsClass="row"
    className="clearfix"
    componentClass="div"
  >
    <Col
      bsClass="col"
      componentClass="div"
      sm={3}
    >
      <Nav
        bsClass="nav"
        bsStyle="pills"
        className="navbar navbar-inverse"
        justified={false}
        pullLeft={false}
        pullRight={false}
        stacked={true}
      >
        <NavItem
          active={false}
          className="navbar-link"
          disabled={false}
          eventKey="TES1000"
        >
          TES1000
        </NavItem>
      </Nav>
    </Col>
    <Col
      bsClass="col"
      componentClass="div"
      sm={9}
    >
      <TabContent
        animation={true}
        bsClass="tab"
        componentClass="div"
        unmountOnExit={false}
      >
        <TabPane
          bsClass="tab-pane"
          eventKey="TES1000"
        >
          <h1>
            TES1000
          </h1>
          <SpecificCourse
            course={
              Object {
                "active": true,
                "goals": Object {
                  "dailyGoal": Object {
                    "active": false,
                    "timeSet": 0,
                    "timeSpent": 0,
                    "value": 0,
                  },
                  "monthlyGoal": Object {
                    "active": false,
                    "timeSet": 0,
                    "timeSpent": 0,
                    "value": 0,
                  },
                  "weeklyGoal": Object {
                    "active": false,
                    "timeSet": 0,
                    "timeSpent": 0,
                    "value": 0,
                  },
                },
              }
            }
            courseID="TES1000"
          />
        </TabPane>
      </TabContent>
    </Col>
  </Row>
</Uncontrolled(TabContainer)>
`;

exports[`Sidebar One course 1`] = `
<Uncontrolled(TabContainer)
  activeKey={undefined}
  defaultActiveKey="TES1000"
  id="left-tabs"
>
  <Row
    bsClass="row"
    className="clearfix"
    componentClass="div"
  >
    <Col
      bsClass="col"
      componentClass="div"
      sm={3}
    >
      <Nav
        bsClass="nav"
        bsStyle="pills"
        className="navbar navbar-inverse"
        justified={false}
        pullLeft={false}
        pullRight={false}
        stacked={true}
      >
        <NavItem
          active={false}
          className="navbar-link"
          disabled={false}
          eventKey="TES1000"
        >
          TES1000
        </NavItem>
      </Nav>
    </Col>
    <Col
      bsClass="col"
      componentClass="div"
      sm={9}
    >
      <TabContent
        animation={true}
        bsClass="tab"
        componentClass="div"
        unmountOnExit={false}
      >
        <TabPane
          bsClass="tab-pane"
          eventKey="TES1000"
        >
          <h1>
            TES1000
          </h1>
          <SpecificCourse
            course={
              Object {
                "active": true,
                "goals": Object {
                  "dailyGoal": Object {
                    "active": false,
                    "timeSet": 0,
                    "timeSpent": 0,
                    "value": 0,
                  },
                  "monthlyGoal": Object {
                    "active": false,
                    "timeSet": 0,
                    "timeSpent": 0,
                    "value": 0,
                  },
                  "weeklyGoal": Object {
                    "active": false,
                    "timeSet": 0,
                    "timeSpent": 0,
                    "value": 0,
                  },
                },
              }
            }
            courseID="TES1000"
          />
        </TabPane>
      </TabContent>
    </Col>
  </Row>
</Uncontrolled(TabContainer)>
`;
